exports[`<Register /> react-redux should map dispatch to props 1`] = `
Object {
  "registerSubmit": [Function],
}
`

exports[`<Register /> react-redux should map state to props 1`] = `
Object {
  "hasRegistered": true,
  "isLoading": true,
  "isLoggedIn": true,
}
`

exports[`<Register /> should render <Redirect /> if user is logged in 1`] = `1`

exports[`<Register /> should render <RegisterForm /> 1`] = `1`

exports[`<Register /> should render <Wrapper /> 1`] = `1`
